MPLINK 5.08, LINKER
Linker Map File - Created Tue May 18 21:55:52 2021

                                 Section Info
                  Section       Type    Address   Location Size(Bytes)
                ---------  ---------  ---------  ---------  ---------
                 RES_VECT       code   0x000000    program   0x000002
                   .cinit    romdata   0x000001    program   0x000004
                MAIN_PROG       code   0x000003    program   0x000018
.config_2007_BUILD/DEFAULT/PRODUCTION/MAINN.O       code   0x002007    program   0x000002
.config_2008_BUILD/DEFAULT/PRODUCTION/MAINN.O       code   0x002008    program   0x000002



                              Program Memory Usage 
                               Start         End      
                           ---------   ---------      
                            0x000000    0x00000e      
                            0x002007    0x002008      
            17 out of 8455 program addresses used, program memory utilization is 0%



                              Symbols - Sorted by Name
                     Name    Address   Location    Storage File                     
                ---------  ---------  ---------  --------- ---------                
                     LOOP   0x000009    program     static C:\Users\EYanN\OneDrive\햞ea de Trabalho\Unifei\Micro\Code\lab1.X\mainn.asm
                    START   0x000003    program     static C:\Users\EYanN\OneDrive\햞ea de Trabalho\Unifei\Micro\Code\lab1.X\mainn.asm



                              Symbols - Sorted by Address
                     Name    Address   Location    Storage File                     
                ---------  ---------  ---------  --------- ---------                
                    START   0x000003    program     static C:\Users\EYanN\OneDrive\햞ea de Trabalho\Unifei\Micro\Code\lab1.X\mainn.asm
                     LOOP   0x000009    program     static C:\Users\EYanN\OneDrive\햞ea de Trabalho\Unifei\Micro\Code\lab1.X\mainn.asm


